INFO:     Loading environment from 'C:\Noble\Noble_RAG\logs\orchestrator-service.env.local'
2026-05-06 18:53:02,433 INFO [sales-orchestrator-optimization] Synthesis cache enabled (max_entries=1000, ttl=3600s)
2026-05-06 18:53:02,435 INFO [sales-orchestrator-optimization] Timing instrumentation enabled
2026-05-06 18:53:02,436 INFO [sales-orchestrator] Optimization initialized: cache=True, compression=moderate, streaming=False
INFO:     Started server process [5228]
INFO:     Waiting for application startup.
2026-05-06 18:53:02,454 INFO [sales-orchestrator] Periodic model warmup started interval_sec=60.0 decider=True synthesis=False
INFO:     Application startup complete.
INFO:     Uvicorn running on http://0.0.0.0:8021 (Press CTRL+C to quit)
2026-05-06 18:53:22,674 INFO [sales-orchestrator] Periodic model warmup completed elapsed_ms=20220.4
2026-05-06 18:54:38,243 INFO [sales-orchestrator] Periodic model warmup completed elapsed_ms=15564.4
2026-05-06 18:54:46,887 INFO [sales-orchestrator] decision start_route=consult_discovery final_route=consult_discovery chained_from_consult=False query_type=advisory_strategy retrieval_readiness=not_ready route_source=llm_decider engagement_before=cold engagement_after=warm sales_state_before=unknown sales_state_after=need_identified conversation_goal=surface_priority next_best_action=continue_discovery response_mode=discover_need ask_policy=allow_question reply_source=reply_synthesis fastpath_gate=forced_model_synthesis reason=llm_decider_minimal:advisory_strategy:consult_discovery
2026-05-06 18:55:43,987 INFO [sales-orchestrator] Periodic model warmup completed elapsed_ms=5741.1
2026-05-06 18:56:59,074 INFO [sales-orchestrator] Periodic model warmup completed elapsed_ms=15084.4
2026-05-06 18:58:14,978 INFO [sales-orchestrator] Periodic model warmup completed elapsed_ms=15901.2
2026-05-06 18:58:58,614 INFO [sales-orchestrator] decision start_route=project_grounded final_route=project_grounded chained_from_consult=False query_type=project_specific retrieval_readiness=ready route_source=llm_decider engagement_before=cold engagement_after=interested sales_state_before=unknown sales_state_after=handoff conversation_goal=capture_contact next_best_action=ask_name_and_phone response_mode=contact_capture ask_policy=must_clarify reply_source=reply_synthesis fastpath_gate=forced_model_synthesis reason=llm_decider_minimal:project_specific:project_grounded
2026-05-06 18:59:20,326 INFO [sales-orchestrator] Periodic model warmup completed elapsed_ms=5344.2
2026-05-06 19:00:36,005 INFO [sales-orchestrator] Periodic model warmup completed elapsed_ms=15676.4
2026-05-06 19:01:42,418 INFO [sales-orchestrator] Periodic model warmup completed elapsed_ms=6409.9
2026-05-06 19:02:57,941 INFO [sales-orchestrator] Periodic model warmup completed elapsed_ms=15518.5
2026-05-06 19:04:04,591 INFO [sales-orchestrator] Periodic model warmup completed elapsed_ms=6645.3
2026-05-06 19:05:20,018 INFO [sales-orchestrator] Periodic model warmup completed elapsed_ms=15423.3
2026-05-06 19:06:35,685 INFO [sales-orchestrator] Periodic model warmup completed elapsed_ms=15663.4
2026-05-06 19:07:41,956 INFO [sales-orchestrator] Periodic model warmup completed elapsed_ms=6268.2
2026-05-06 19:08:57,205 INFO [sales-orchestrator] Periodic model warmup completed elapsed_ms=15245.1
2026-05-06 19:10:03,488 INFO [sales-orchestrator] Periodic model warmup completed elapsed_ms=6280.5
2026-05-06 19:11:18,611 INFO [sales-orchestrator] Periodic model warmup completed elapsed_ms=15119.3
2026-05-06 19:12:27,519 INFO [sales-orchestrator] Periodic model warmup completed elapsed_ms=8906.5
2026-05-06 19:14:02,521 WARNING [sales-orchestrator] Periodic model warmup failed: timed out
2026-05-06 19:15:37,538 WARNING [sales-orchestrator] Periodic model warmup failed: timed out
2026-05-06 19:17:12,544 WARNING [sales-orchestrator] Periodic model warmup failed: timed out
2026-05-06 19:18:37,535 INFO [sales-orchestrator] Periodic model warmup completed elapsed_ms=24989.7
2026-05-06 19:19:52,802 INFO [sales-orchestrator] Periodic model warmup completed elapsed_ms=15265.2
2026-05-06 19:20:59,151 INFO [sales-orchestrator] Periodic model warmup completed elapsed_ms=6348.1
2026-05-06 19:22:14,356 INFO [sales-orchestrator] Periodic model warmup completed elapsed_ms=15203.5
2026-05-06 19:23:20,606 INFO [sales-orchestrator] Periodic model warmup completed elapsed_ms=6248.2
2026-05-06 19:24:35,772 INFO [sales-orchestrator] Periodic model warmup completed elapsed_ms=15166.6
2026-05-06 19:25:51,003 INFO [sales-orchestrator] Periodic model warmup completed elapsed_ms=15229.9
2026-05-06 19:26:57,297 INFO [sales-orchestrator] Periodic model warmup completed elapsed_ms=6293.0
2026-05-06 19:28:12,491 INFO [sales-orchestrator] Periodic model warmup completed elapsed_ms=15193.3
2026-05-06 19:29:18,754 INFO [sales-orchestrator] Periodic model warmup completed elapsed_ms=6261.2
2026-05-06 19:30:33,951 INFO [sales-orchestrator] Periodic model warmup completed elapsed_ms=15196.3
2026-05-06 19:31:40,259 INFO [sales-orchestrator] Periodic model warmup completed elapsed_ms=6305.2
2026-05-06 19:32:55,527 INFO [sales-orchestrator] Periodic model warmup completed elapsed_ms=15265.3
2026-05-06 19:34:10,971 INFO [sales-orchestrator] Periodic model warmup completed elapsed_ms=15440.7
2026-05-06 19:35:17,451 INFO [sales-orchestrator] Periodic model warmup completed elapsed_ms=6479.5
2026-05-06 19:36:32,842 INFO [sales-orchestrator] Periodic model warmup completed elapsed_ms=15386.9
2026-05-06 19:37:39,337 INFO [sales-orchestrator] Periodic model warmup completed elapsed_ms=6492.1
2026-05-06 19:38:54,694 INFO [sales-orchestrator] Periodic model warmup completed elapsed_ms=15353.6
2026-05-06 19:40:01,286 INFO [sales-orchestrator] Periodic model warmup completed elapsed_ms=6588.8
2026-05-06 19:41:16,498 INFO [sales-orchestrator] Periodic model warmup completed elapsed_ms=15209.4
2026-05-06 19:42:31,843 INFO [sales-orchestrator] Periodic model warmup completed elapsed_ms=15340.2
2026-05-06 19:43:38,268 INFO [sales-orchestrator] Periodic model warmup completed elapsed_ms=6419.5
2026-05-06 19:44:53,541 INFO [sales-orchestrator] Periodic model warmup completed elapsed_ms=15269.1
2026-05-06 19:45:59,862 INFO [sales-orchestrator] Periodic model warmup completed elapsed_ms=6316.1
2026-05-06 19:47:15,102 INFO [sales-orchestrator] Periodic model warmup completed elapsed_ms=15236.6
2026-05-06 19:48:21,515 INFO [sales-orchestrator] Periodic model warmup completed elapsed_ms=6408.8
2026-05-06 19:49:36,783 INFO [sales-orchestrator] Periodic model warmup completed elapsed_ms=15264.1
2026-05-06 19:50:52,018 INFO [sales-orchestrator] Periodic model warmup completed elapsed_ms=15230.1
2026-05-06 19:51:58,304 INFO [sales-orchestrator] Periodic model warmup completed elapsed_ms=6281.9
2026-05-06 19:53:13,530 INFO [sales-orchestrator] Periodic model warmup completed elapsed_ms=15223.8
2026-05-06 19:54:19,819 INFO [sales-orchestrator] Periodic model warmup completed elapsed_ms=6285.1
2026-05-06 19:55:35,147 INFO [sales-orchestrator] Periodic model warmup completed elapsed_ms=15323.2
2026-05-06 19:56:41,676 INFO [sales-orchestrator] Periodic model warmup completed elapsed_ms=6525.2
2026-05-06 19:57:56,880 INFO [sales-orchestrator] Periodic model warmup completed elapsed_ms=15201.8
2026-05-06 19:59:12,319 INFO [sales-orchestrator] Periodic model warmup completed elapsed_ms=15435.6
2026-05-06 20:00:18,855 INFO [sales-orchestrator] Periodic model warmup completed elapsed_ms=6532.4
2026-05-06 20:01:34,281 INFO [sales-orchestrator] Periodic model warmup completed elapsed_ms=15422.5
2026-05-06 20:02:40,769 INFO [sales-orchestrator] Periodic model warmup completed elapsed_ms=6484.0
2026-05-06 20:03:55,995 INFO [sales-orchestrator] Periodic model warmup completed elapsed_ms=15221.8
2026-05-06 20:05:02,480 INFO [sales-orchestrator] Periodic model warmup completed elapsed_ms=6479.3
2026-05-06 20:06:17,892 INFO [sales-orchestrator] Periodic model warmup completed elapsed_ms=15407.4
2026-05-06 20:07:33,272 INFO [sales-orchestrator] Periodic model warmup completed elapsed_ms=15375.7
2026-05-06 20:08:39,717 INFO [sales-orchestrator] Periodic model warmup completed elapsed_ms=6441.5
2026-05-06 20:09:54,958 INFO [sales-orchestrator] Periodic model warmup completed elapsed_ms=15235.7
2026-05-06 20:11:01,261 INFO [sales-orchestrator] Periodic model warmup completed elapsed_ms=6298.5
2026-05-06 20:12:16,704 INFO [sales-orchestrator] Periodic model warmup completed elapsed_ms=15439.7
2026-05-06 20:13:23,206 INFO [sales-orchestrator] Periodic model warmup completed elapsed_ms=6496.8
2026-05-06 20:14:38,490 INFO [sales-orchestrator] Periodic model warmup completed elapsed_ms=15280.2
2026-05-06 20:15:53,902 INFO [sales-orchestrator] Periodic model warmup completed elapsed_ms=15411.3
2026-05-06 20:17:00,177 INFO [sales-orchestrator] Periodic model warmup completed elapsed_ms=6274.0
2026-05-06 20:18:15,540 INFO [sales-orchestrator] Periodic model warmup completed elapsed_ms=15361.4
2026-05-06 20:19:21,886 INFO [sales-orchestrator] Periodic model warmup completed elapsed_ms=6344.5
2026-05-06 20:20:37,088 INFO [sales-orchestrator] Periodic model warmup completed elapsed_ms=15201.2
2026-05-06 20:21:43,568 INFO [sales-orchestrator] Periodic model warmup completed elapsed_ms=6478.9
2026-05-06 20:22:58,998 INFO [sales-orchestrator] Periodic model warmup completed elapsed_ms=15429.0
2026-05-06 20:24:14,647 INFO [sales-orchestrator] Periodic model warmup completed elapsed_ms=15648.6
2026-05-06 20:25:21,190 INFO [sales-orchestrator] Periodic model warmup completed elapsed_ms=6541.8
2026-05-06 20:26:36,498 INFO [sales-orchestrator] Periodic model warmup completed elapsed_ms=15305.8
2026-05-06 20:27:42,814 INFO [sales-orchestrator] Periodic model warmup completed elapsed_ms=6315.0
2026-05-06 20:28:58,427 INFO [sales-orchestrator] Periodic model warmup completed elapsed_ms=15609.3
2026-05-06 20:30:05,054 INFO [sales-orchestrator] Periodic model warmup completed elapsed_ms=6626.7
2026-05-06 20:31:20,343 INFO [sales-orchestrator] Periodic model warmup completed elapsed_ms=15287.7
2026-05-06 20:32:35,934 INFO [sales-orchestrator] Periodic model warmup completed elapsed_ms=15585.7
2026-05-06 20:33:42,484 INFO [sales-orchestrator] Periodic model warmup completed elapsed_ms=6546.2
2026-05-06 20:34:58,023 INFO [sales-orchestrator] Periodic model warmup completed elapsed_ms=15538.0
2026-05-06 20:36:04,395 INFO [sales-orchestrator] Periodic model warmup completed elapsed_ms=6368.7
2026-05-06 20:37:19,865 INFO [sales-orchestrator] Periodic model warmup completed elapsed_ms=15468.5
2026-05-06 20:38:26,345 INFO [sales-orchestrator] Periodic model warmup completed elapsed_ms=6476.8
2026-05-06 20:39:41,697 INFO [sales-orchestrator] Periodic model warmup completed elapsed_ms=15348.9
2026-05-06 20:40:57,254 INFO [sales-orchestrator] Periodic model warmup completed elapsed_ms=15553.6
2026-05-06 20:42:03,705 INFO [sales-orchestrator] Periodic model warmup completed elapsed_ms=6451.1
2026-05-06 20:43:19,331 INFO [sales-orchestrator] Periodic model warmup completed elapsed_ms=15621.5
2026-05-06 20:44:25,798 INFO [sales-orchestrator] Periodic model warmup completed elapsed_ms=6463.3
2026-05-06 20:45:41,201 INFO [sales-orchestrator] Periodic model warmup completed elapsed_ms=15400.0
2026-05-06 20:46:47,791 INFO [sales-orchestrator] Periodic model warmup completed elapsed_ms=6587.8
2026-05-06 20:48:03,230 INFO [sales-orchestrator] Periodic model warmup completed elapsed_ms=15435.4
2026-05-06 20:49:18,643 INFO [sales-orchestrator] Periodic model warmup completed elapsed_ms=15409.8
2026-05-06 20:50:24,983 INFO [sales-orchestrator] Periodic model warmup completed elapsed_ms=6335.1
2026-05-06 20:51:40,354 INFO [sales-orchestrator] Periodic model warmup completed elapsed_ms=15368.0
2026-05-06 20:52:46,633 INFO [sales-orchestrator] Periodic model warmup completed elapsed_ms=6274.4
2026-05-06 20:54:02,094 INFO [sales-orchestrator] Periodic model warmup completed elapsed_ms=15457.1
2026-05-06 20:55:08,683 INFO [sales-orchestrator] Periodic model warmup completed elapsed_ms=6585.2
2026-05-06 20:56:24,309 INFO [sales-orchestrator] Periodic model warmup completed elapsed_ms=15622.7
2026-05-06 20:57:39,767 INFO [sales-orchestrator] Periodic model warmup completed elapsed_ms=15452.1
2026-05-06 20:58:46,052 INFO [sales-orchestrator] Periodic model warmup completed elapsed_ms=6281.5
2026-05-06 21:00:01,518 INFO [sales-orchestrator] Periodic model warmup completed elapsed_ms=15464.3
2026-05-06 21:01:07,878 INFO [sales-orchestrator] Periodic model warmup completed elapsed_ms=6355.6
2026-05-06 21:02:23,273 INFO [sales-orchestrator] Periodic model warmup completed elapsed_ms=15391.3
2026-05-06 21:03:29,763 INFO [sales-orchestrator] Periodic model warmup completed elapsed_ms=6485.6
2026-05-06 21:04:45,247 INFO [sales-orchestrator] Periodic model warmup completed elapsed_ms=15482.6
2026-05-06 21:06:00,699 INFO [sales-orchestrator] Periodic model warmup completed elapsed_ms=15447.5
2026-05-06 21:07:06,979 INFO [sales-orchestrator] Periodic model warmup completed elapsed_ms=6275.5
2026-05-06 21:08:22,432 INFO [sales-orchestrator] Periodic model warmup completed elapsed_ms=15447.9
2026-05-06 21:09:28,735 INFO [sales-orchestrator] Periodic model warmup completed elapsed_ms=6301.6
2026-05-06 21:10:44,176 INFO [sales-orchestrator] Periodic model warmup completed elapsed_ms=15437.2
2026-05-06 21:11:50,696 INFO [sales-orchestrator] Periodic model warmup completed elapsed_ms=6518.0
2026-05-06 21:13:06,264 INFO [sales-orchestrator] Periodic model warmup completed elapsed_ms=15564.4
2026-05-06 21:14:21,820 INFO [sales-orchestrator] Periodic model warmup completed elapsed_ms=15552.8
2026-05-06 21:15:28,306 INFO [sales-orchestrator] Periodic model warmup completed elapsed_ms=6479.7
2026-05-06 21:16:43,862 INFO [sales-orchestrator] Periodic model warmup completed elapsed_ms=15552.5
2026-05-06 21:17:50,133 INFO [sales-orchestrator] Periodic model warmup completed elapsed_ms=6269.1
2026-05-06 21:19:05,508 INFO [sales-orchestrator] Periodic model warmup completed elapsed_ms=15372.3
2026-05-06 21:20:12,046 INFO [sales-orchestrator] Periodic model warmup completed elapsed_ms=6533.8
2026-05-06 21:21:27,421 INFO [sales-orchestrator] Periodic model warmup completed elapsed_ms=15373.1
2026-05-06 21:22:43,041 INFO [sales-orchestrator] Periodic model warmup completed elapsed_ms=15618.7
2026-05-06 21:23:49,522 INFO [sales-orchestrator] Periodic model warmup completed elapsed_ms=6478.2
2026-05-06 21:25:04,958 INFO [sales-orchestrator] Periodic model warmup completed elapsed_ms=15434.9
2026-05-06 21:26:11,231 INFO [sales-orchestrator] Periodic model warmup completed elapsed_ms=6271.0
2026-05-06 21:27:26,931 INFO [sales-orchestrator] Periodic model warmup completed elapsed_ms=15697.9
2026-05-06 21:28:33,652 INFO [sales-orchestrator] Periodic model warmup completed elapsed_ms=6716.4
2026-05-06 21:29:49,058 INFO [sales-orchestrator] Periodic model warmup completed elapsed_ms=15402.7
2026-05-06 21:31:04,346 INFO [sales-orchestrator] Periodic model warmup completed elapsed_ms=15283.2
2026-05-06 21:32:10,668 INFO [sales-orchestrator] Periodic model warmup completed elapsed_ms=6317.8
2026-05-06 21:33:26,038 INFO [sales-orchestrator] Periodic model warmup completed elapsed_ms=15366.5
2026-05-06 21:34:32,394 INFO [sales-orchestrator] Periodic model warmup completed elapsed_ms=6352.6
2026-05-06 21:35:47,843 INFO [sales-orchestrator] Periodic model warmup completed elapsed_ms=15444.0
2026-05-06 21:36:54,617 INFO [sales-orchestrator] Periodic model warmup completed elapsed_ms=6770.1
2026-05-06 21:38:09,982 INFO [sales-orchestrator] Periodic model warmup completed elapsed_ms=15362.1
2026-05-06 21:39:25,241 INFO [sales-orchestrator] Periodic model warmup completed elapsed_ms=15255.2
2026-05-06 21:40:31,542 INFO [sales-orchestrator] Periodic model warmup completed elapsed_ms=6296.9
2026-05-06 21:41:46,736 INFO [sales-orchestrator] Periodic model warmup completed elapsed_ms=15192.1
2026-05-06 21:42:53,059 INFO [sales-orchestrator] Periodic model warmup completed elapsed_ms=6322.2
2026-05-06 21:44:08,396 INFO [sales-orchestrator] Periodic model warmup completed elapsed_ms=15333.2
2026-05-06 21:45:14,982 INFO [sales-orchestrator] Periodic model warmup completed elapsed_ms=6580.8
2026-05-06 21:46:30,463 INFO [sales-orchestrator] Periodic model warmup completed elapsed_ms=15476.6
2026-05-06 21:47:45,884 INFO [sales-orchestrator] Periodic model warmup completed elapsed_ms=15416.3
2026-05-06 21:48:52,152 INFO [sales-orchestrator] Periodic model warmup completed elapsed_ms=6265.0
2026-05-06 21:50:07,594 INFO [sales-orchestrator] Periodic model warmup completed elapsed_ms=15438.6
2026-05-06 21:51:13,906 INFO [sales-orchestrator] Periodic model warmup completed elapsed_ms=6307.4
2026-05-06 21:52:29,326 INFO [sales-orchestrator] Periodic model warmup completed elapsed_ms=15419.6
2026-05-06 21:53:35,808 INFO [sales-orchestrator] Periodic model warmup completed elapsed_ms=6477.8
2026-05-06 21:54:51,216 INFO [sales-orchestrator] Periodic model warmup completed elapsed_ms=15406.2
2026-05-06 21:56:06,648 INFO [sales-orchestrator] Periodic model warmup completed elapsed_ms=15427.9
2026-05-06 21:57:12,935 INFO [sales-orchestrator] Periodic model warmup completed elapsed_ms=6286.0
2026-05-06 21:58:28,355 INFO [sales-orchestrator] Periodic model warmup completed elapsed_ms=15415.9
2026-05-06 21:59:34,648 INFO [sales-orchestrator] Periodic model warmup completed elapsed_ms=6290.0
2026-05-06 22:00:50,106 INFO [sales-orchestrator] Periodic model warmup completed elapsed_ms=15454.5
2026-05-06 22:01:56,747 INFO [sales-orchestrator] Periodic model warmup completed elapsed_ms=6637.5
2026-05-06 22:03:12,325 INFO [sales-orchestrator] Periodic model warmup completed elapsed_ms=15574.8
2026-05-06 22:04:27,781 INFO [sales-orchestrator] Periodic model warmup completed elapsed_ms=15452.7
2026-05-06 22:05:34,130 INFO [sales-orchestrator] Periodic model warmup completed elapsed_ms=6345.7
2026-05-06 22:06:49,577 INFO [sales-orchestrator] Periodic model warmup completed elapsed_ms=15444.1
2026-05-06 22:07:55,906 INFO [sales-orchestrator] Periodic model warmup completed elapsed_ms=6325.8
2026-05-06 22:09:11,364 INFO [sales-orchestrator] Periodic model warmup completed elapsed_ms=15453.9
2026-05-06 22:10:17,871 INFO [sales-orchestrator] Periodic model warmup completed elapsed_ms=6503.5
2026-05-06 22:11:52,874 WARNING [sales-orchestrator] Periodic model warmup failed: timed out
2026-05-06 22:13:27,886 WARNING [sales-orchestrator] Periodic model warmup failed: timed out
2026-05-06 22:14:59,726 INFO [sales-orchestrator] Periodic model warmup completed elapsed_ms=31834.5
2026-05-06 22:16:15,168 INFO [sales-orchestrator] Periodic model warmup completed elapsed_ms=15439.4
2026-05-06 22:17:30,688 INFO [sales-orchestrator] Periodic model warmup completed elapsed_ms=15518.6
2026-05-06 22:18:37,020 INFO [sales-orchestrator] Periodic model warmup completed elapsed_ms=6330.9
2026-05-06 22:19:52,657 INFO [sales-orchestrator] Periodic model warmup completed elapsed_ms=15635.4
2026-05-06 22:20:59,225 INFO [sales-orchestrator] Periodic model warmup completed elapsed_ms=6567.5
2026-05-06 22:22:14,858 INFO [sales-orchestrator] Periodic model warmup completed elapsed_ms=15632.0
2026-05-06 22:23:21,566 INFO [sales-orchestrator] Periodic model warmup completed elapsed_ms=6707.7
2026-05-06 22:24:37,071 INFO [sales-orchestrator] Periodic model warmup completed elapsed_ms=15504.6
2026-05-06 22:25:52,482 INFO [sales-orchestrator] Periodic model warmup completed elapsed_ms=15409.9
2026-05-06 22:26:58,776 INFO [sales-orchestrator] Periodic model warmup completed elapsed_ms=6293.6
2026-05-06 22:28:14,343 INFO [sales-orchestrator] Periodic model warmup completed elapsed_ms=15565.8
2026-05-06 22:29:20,737 INFO [sales-orchestrator] Periodic model warmup completed elapsed_ms=6390.8
2026-05-06 22:30:36,380 INFO [sales-orchestrator] Periodic model warmup completed elapsed_ms=15637.9
2026-05-06 22:31:43,201 INFO [sales-orchestrator] Periodic model warmup completed elapsed_ms=6816.2
2026-05-06 22:32:58,619 INFO [sales-orchestrator] Periodic model warmup completed elapsed_ms=15413.2
2026-05-06 22:34:14,083 INFO [sales-orchestrator] Periodic model warmup completed elapsed_ms=15461.5
2026-05-06 22:35:20,389 INFO [sales-orchestrator] Periodic model warmup completed elapsed_ms=6302.3
2026-05-06 22:36:35,826 INFO [sales-orchestrator] Periodic model warmup completed elapsed_ms=15432.8
2026-05-06 22:37:42,177 INFO [sales-orchestrator] Periodic model warmup completed elapsed_ms=6347.3
2026-05-06 22:38:57,584 INFO [sales-orchestrator] Periodic model warmup completed elapsed_ms=15401.9
2026-05-06 22:40:04,143 INFO [sales-orchestrator] Periodic model warmup completed elapsed_ms=6556.2
2026-05-06 22:41:19,711 INFO [sales-orchestrator] Periodic model warmup completed elapsed_ms=15563.1
2026-05-06 22:42:35,145 INFO [sales-orchestrator] Periodic model warmup completed elapsed_ms=15429.1
2026-05-06 22:43:41,437 INFO [sales-orchestrator] Periodic model warmup completed elapsed_ms=6285.8
2026-05-06 22:44:56,889 INFO [sales-orchestrator] Periodic model warmup completed elapsed_ms=15447.2
2026-05-06 22:46:03,224 INFO [sales-orchestrator] Periodic model warmup completed elapsed_ms=6330.2
2026-05-06 22:47:18,672 INFO [sales-orchestrator] Periodic model warmup completed elapsed_ms=15440.7
2026-05-06 22:48:25,164 INFO [sales-orchestrator] Periodic model warmup completed elapsed_ms=6489.8
2026-05-06 22:49:40,650 INFO [sales-orchestrator] Periodic model warmup completed elapsed_ms=15481.3
2026-05-06 22:50:56,138 INFO [sales-orchestrator] Periodic model warmup completed elapsed_ms=15482.1
2026-05-06 22:52:02,529 INFO [sales-orchestrator] Periodic model warmup completed elapsed_ms=6383.2
2026-05-06 22:53:18,055 INFO [sales-orchestrator] Periodic model warmup completed elapsed_ms=15521.6
2026-05-06 22:54:24,463 INFO [sales-orchestrator] Periodic model warmup completed elapsed_ms=6403.7
2026-05-06 22:55:39,951 INFO [sales-orchestrator] Periodic model warmup completed elapsed_ms=15483.8
2026-05-06 22:56:46,415 INFO [sales-orchestrator] Periodic model warmup completed elapsed_ms=6458.7
2026-05-06 22:58:01,893 INFO [sales-orchestrator] Periodic model warmup completed elapsed_ms=15473.0
2026-05-06 22:59:17,362 INFO [sales-orchestrator] Periodic model warmup completed elapsed_ms=15464.0
2026-05-06 23:00:23,677 INFO [sales-orchestrator] Periodic model warmup completed elapsed_ms=6309.6
2026-05-06 23:01:39,140 INFO [sales-orchestrator] Periodic model warmup completed elapsed_ms=15459.4
2026-05-06 23:02:45,448 INFO [sales-orchestrator] Periodic model warmup completed elapsed_ms=6302.0
2026-05-06 23:04:01,032 INFO [sales-orchestrator] Periodic model warmup completed elapsed_ms=15577.5
2026-05-06 23:05:07,687 INFO [sales-orchestrator] Periodic model warmup completed elapsed_ms=6651.1
2026-05-06 23:06:23,099 INFO [sales-orchestrator] Periodic model warmup completed elapsed_ms=15405.8
2026-05-06 23:07:38,622 INFO [sales-orchestrator] Periodic model warmup completed elapsed_ms=15518.2
2026-05-06 23:08:44,926 INFO [sales-orchestrator] Periodic model warmup completed elapsed_ms=6299.7
2026-05-06 23:10:00,481 INFO [sales-orchestrator] Periodic model warmup completed elapsed_ms=15550.0
2026-05-06 23:11:06,911 INFO [sales-orchestrator] Periodic model warmup completed elapsed_ms=6424.7
2026-05-06 23:12:22,344 INFO [sales-orchestrator] Periodic model warmup completed elapsed_ms=15428.3
2026-05-06 23:13:28,952 INFO [sales-orchestrator] Periodic model warmup completed elapsed_ms=6602.6
2026-05-06 23:14:44,413 INFO [sales-orchestrator] Periodic model warmup completed elapsed_ms=15456.2
2026-05-06 23:15:59,850 INFO [sales-orchestrator] Periodic model warmup completed elapsed_ms=15432.7
2026-05-06 23:17:06,143 INFO [sales-orchestrator] Periodic model warmup completed elapsed_ms=6286.9
2026-05-06 23:18:21,599 INFO [sales-orchestrator] Periodic model warmup completed elapsed_ms=15454.2
2026-05-06 23:19:27,897 INFO [sales-orchestrator] Periodic model warmup completed elapsed_ms=6294.9
2026-05-06 23:20:43,527 INFO [sales-orchestrator] Periodic model warmup completed elapsed_ms=15627.3
2026-05-06 23:21:50,309 INFO [sales-orchestrator] Periodic model warmup completed elapsed_ms=6779.0
2026-05-06 23:23:05,761 INFO [sales-orchestrator] Periodic model warmup completed elapsed_ms=15450.4
2026-05-06 23:24:21,160 INFO [sales-orchestrator] Periodic model warmup completed elapsed_ms=15395.1
2026-05-06 23:25:27,470 INFO [sales-orchestrator] Periodic model warmup completed elapsed_ms=6304.9
2026-05-06 23:26:42,896 INFO [sales-orchestrator] Periodic model warmup completed elapsed_ms=15423.3
2026-05-06 23:27:49,167 INFO [sales-orchestrator] Periodic model warmup completed elapsed_ms=6268.0
2026-05-06 23:29:04,473 INFO [sales-orchestrator] Periodic model warmup completed elapsed_ms=15300.8
2026-05-06 23:30:11,096 INFO [sales-orchestrator] Periodic model warmup completed elapsed_ms=6619.0
2026-05-06 23:31:26,443 INFO [sales-orchestrator] Periodic model warmup completed elapsed_ms=15343.6
2026-05-06 23:32:41,787 INFO [sales-orchestrator] Periodic model warmup completed elapsed_ms=15340.8
2026-05-06 23:33:48,147 INFO [sales-orchestrator] Periodic model warmup completed elapsed_ms=6357.1
2026-05-06 23:35:03,554 INFO [sales-orchestrator] Periodic model warmup completed elapsed_ms=15403.6
2026-05-06 23:36:09,838 INFO [sales-orchestrator] Periodic model warmup completed elapsed_ms=6281.2
2026-05-06 23:37:25,222 INFO [sales-orchestrator] Periodic model warmup completed elapsed_ms=15381.6
2026-05-06 23:38:31,667 INFO [sales-orchestrator] Periodic model warmup completed elapsed_ms=6442.3
2026-05-06 23:39:47,082 INFO [sales-orchestrator] Periodic model warmup completed elapsed_ms=15409.7
2026-05-06 23:41:02,572 INFO [sales-orchestrator] Periodic model warmup completed elapsed_ms=15488.2
2026-05-06 23:42:08,923 INFO [sales-orchestrator] Periodic model warmup completed elapsed_ms=6346.5
2026-05-06 23:43:24,515 INFO [sales-orchestrator] Periodic model warmup completed elapsed_ms=15587.9
2026-05-06 23:44:31,037 INFO [sales-orchestrator] Periodic model warmup completed elapsed_ms=6517.9
2026-05-06 23:45:46,441 INFO [sales-orchestrator] Periodic model warmup completed elapsed_ms=15399.1
2026-05-06 23:46:52,948 INFO [sales-orchestrator] Periodic model warmup completed elapsed_ms=6502.1
2026-05-06 23:48:08,371 INFO [sales-orchestrator] Periodic model warmup completed elapsed_ms=15418.3
2026-05-06 23:49:23,711 INFO [sales-orchestrator] Periodic model warmup completed elapsed_ms=15335.4
2026-05-06 23:50:29,985 INFO [sales-orchestrator] Periodic model warmup completed elapsed_ms=6272.1
2026-05-06 23:51:45,386 INFO [sales-orchestrator] Periodic model warmup completed elapsed_ms=15397.0
2026-05-06 23:52:51,694 INFO [sales-orchestrator] Periodic model warmup completed elapsed_ms=6303.7
2026-05-06 23:54:07,105 INFO [sales-orchestrator] Periodic model warmup completed elapsed_ms=15404.9
2026-05-06 23:55:13,566 INFO [sales-orchestrator] Periodic model warmup completed elapsed_ms=6456.7
2026-05-06 23:56:28,929 INFO [sales-orchestrator] Periodic model warmup completed elapsed_ms=15357.9
2026-05-06 23:57:44,330 INFO [sales-orchestrator] Periodic model warmup completed elapsed_ms=15396.9
2026-05-06 23:58:50,618 INFO [sales-orchestrator] Periodic model warmup completed elapsed_ms=6283.5
2026-05-07 00:00:06,023 INFO [sales-orchestrator] Periodic model warmup completed elapsed_ms=15399.9
2026-05-07 00:01:12,401 INFO [sales-orchestrator] Periodic model warmup completed elapsed_ms=6373.9
2026-05-07 00:02:27,732 INFO [sales-orchestrator] Periodic model warmup completed elapsed_ms=15326.5
2026-05-07 00:03:34,197 INFO [sales-orchestrator] Periodic model warmup completed elapsed_ms=6459.6
2026-05-07 00:04:49,650 INFO [sales-orchestrator] Periodic model warmup completed elapsed_ms=15448.1
2026-05-07 00:06:05,054 INFO [sales-orchestrator] Periodic model warmup completed elapsed_ms=15398.4
2026-05-07 00:07:11,355 INFO [sales-orchestrator] Periodic model warmup completed elapsed_ms=6297.5
2026-05-07 00:08:26,789 INFO [sales-orchestrator] Periodic model warmup completed elapsed_ms=15429.6
2026-05-07 00:09:33,114 INFO [sales-orchestrator] Periodic model warmup completed elapsed_ms=6320.1
2026-05-07 00:10:48,583 INFO [sales-orchestrator] Periodic model warmup completed elapsed_ms=15465.1
2026-05-07 00:11:55,198 INFO [sales-orchestrator] Periodic model warmup completed elapsed_ms=6610.9
2026-05-07 00:13:10,773 INFO [sales-orchestrator] Periodic model warmup completed elapsed_ms=15570.1
2026-05-07 00:14:26,199 INFO [sales-orchestrator] Periodic model warmup completed elapsed_ms=15422.9
2026-05-07 00:15:32,583 INFO [sales-orchestrator] Periodic model warmup completed elapsed_ms=6378.8
2026-05-07 00:16:48,170 INFO [sales-orchestrator] Periodic model warmup completed elapsed_ms=15582.1
2026-05-07 00:17:54,652 INFO [sales-orchestrator] Periodic model warmup completed elapsed_ms=6480.6
2026-05-07 00:19:10,088 INFO [sales-orchestrator] Periodic model warmup completed elapsed_ms=15433.3
2026-05-07 00:20:16,718 INFO [sales-orchestrator] Periodic model warmup completed elapsed_ms=6627.9
2026-05-07 00:21:32,126 INFO [sales-orchestrator] Periodic model warmup completed elapsed_ms=15404.5
2026-05-07 00:22:47,530 INFO [sales-orchestrator] Periodic model warmup completed elapsed_ms=15402.0
2026-05-07 00:23:53,831 INFO [sales-orchestrator] Periodic model warmup completed elapsed_ms=6299.1
2026-05-07 00:25:09,239 INFO [sales-orchestrator] Periodic model warmup completed elapsed_ms=15406.9
2026-05-07 00:26:15,529 INFO [sales-orchestrator] Periodic model warmup completed elapsed_ms=6288.3
2026-05-07 00:27:30,923 INFO [sales-orchestrator] Periodic model warmup completed elapsed_ms=15389.3
2026-05-07 00:28:37,436 INFO [sales-orchestrator] Periodic model warmup completed elapsed_ms=6510.9
2026-05-07 00:29:52,890 INFO [sales-orchestrator] Periodic model warmup completed elapsed_ms=15449.5
2026-05-07 00:31:08,473 INFO [sales-orchestrator] Periodic model warmup completed elapsed_ms=15577.9
2026-05-07 00:32:14,995 INFO [sales-orchestrator] Periodic model warmup completed elapsed_ms=6517.9
2026-05-07 00:33:30,626 INFO [sales-orchestrator] Periodic model warmup completed elapsed_ms=15626.1
2026-05-07 00:34:37,151 INFO [sales-orchestrator] Periodic model warmup completed elapsed_ms=6520.7
2026-05-07 00:35:52,578 INFO [sales-orchestrator] Periodic model warmup completed elapsed_ms=15421.8
2026-05-07 00:36:59,092 INFO [sales-orchestrator] Periodic model warmup completed elapsed_ms=6509.7
2026-05-07 00:38:14,585 INFO [sales-orchestrator] Periodic model warmup completed elapsed_ms=15488.3
2026-05-07 00:39:30,073 INFO [sales-orchestrator] Periodic model warmup completed elapsed_ms=15484.9
2026-05-07 00:40:36,358 INFO [sales-orchestrator] Periodic model warmup completed elapsed_ms=6281.9
2026-05-07 00:41:51,765 INFO [sales-orchestrator] Periodic model warmup completed elapsed_ms=15404.4
2026-05-07 00:42:58,048 INFO [sales-orchestrator] Periodic model warmup completed elapsed_ms=6279.9
2026-05-07 00:44:13,491 INFO [sales-orchestrator] Periodic model warmup completed elapsed_ms=15440.3
2026-05-07 00:45:19,994 INFO [sales-orchestrator] Periodic model warmup completed elapsed_ms=6499.1
2026-05-07 00:46:35,383 INFO [sales-orchestrator] Periodic model warmup completed elapsed_ms=15386.9
2026-05-07 00:47:51,035 INFO [sales-orchestrator] Periodic model warmup completed elapsed_ms=15647.1
2026-05-07 00:48:57,537 INFO [sales-orchestrator] Periodic model warmup completed elapsed_ms=6496.7
2026-05-07 00:50:13,029 INFO [sales-orchestrator] Periodic model warmup completed elapsed_ms=15487.4
2026-05-07 00:51:19,378 INFO [sales-orchestrator] Periodic model warmup completed elapsed_ms=6344.4
2026-05-07 00:52:34,934 INFO [sales-orchestrator] Periodic model warmup completed elapsed_ms=15550.8
2026-05-07 00:53:41,578 INFO [sales-orchestrator] Periodic model warmup completed elapsed_ms=6639.8
2026-05-07 00:54:57,018 INFO [sales-orchestrator] Periodic model warmup completed elapsed_ms=15434.9
2026-05-07 00:56:12,445 INFO [sales-orchestrator] Periodic model warmup completed elapsed_ms=15422.6
2026-05-07 00:57:18,742 INFO [sales-orchestrator] Periodic model warmup completed elapsed_ms=6291.6
2026-05-07 00:58:34,038 INFO [sales-orchestrator] Periodic model warmup completed elapsed_ms=15291.5
2026-05-07 00:59:40,339 INFO [sales-orchestrator] Periodic model warmup completed elapsed_ms=6296.0
2026-05-07 01:00:55,753 INFO [sales-orchestrator] Periodic model warmup completed elapsed_ms=15410.0
2026-05-07 01:02:02,195 INFO [sales-orchestrator] Periodic model warmup completed elapsed_ms=6437.0
2026-05-07 01:03:17,547 INFO [sales-orchestrator] Periodic model warmup completed elapsed_ms=15347.8
2026-05-07 01:04:33,080 INFO [sales-orchestrator] Periodic model warmup completed elapsed_ms=15527.9
2026-05-07 01:05:39,461 INFO [sales-orchestrator] Periodic model warmup completed elapsed_ms=6377.1
2026-05-07 01:06:54,958 INFO [sales-orchestrator] Periodic model warmup completed elapsed_ms=15491.3
2026-05-07 01:08:01,262 INFO [sales-orchestrator] Periodic model warmup completed elapsed_ms=6300.0
2026-05-07 01:09:16,689 INFO [sales-orchestrator] Periodic model warmup completed elapsed_ms=15423.4
2026-05-07 01:10:23,157 INFO [sales-orchestrator] Periodic model warmup completed elapsed_ms=6462.9
2026-05-07 01:11:38,561 INFO [sales-orchestrator] Periodic model warmup completed elapsed_ms=15401.0
2026-05-07 01:12:54,031 INFO [sales-orchestrator] Periodic model warmup completed elapsed_ms=15465.9
2026-05-07 01:14:00,412 INFO [sales-orchestrator] Periodic model warmup completed elapsed_ms=6375.3
2026-05-07 01:15:15,859 INFO [sales-orchestrator] Periodic model warmup completed elapsed_ms=15442.5
2026-05-07 01:16:22,357 INFO [sales-orchestrator] Periodic model warmup completed elapsed_ms=6493.9
2026-05-07 01:17:37,894 INFO [sales-orchestrator] Periodic model warmup completed elapsed_ms=15532.3
2026-05-07 01:18:44,350 INFO [sales-orchestrator] Periodic model warmup completed elapsed_ms=6453.3
2026-05-07 01:19:59,888 INFO [sales-orchestrator] Periodic model warmup completed elapsed_ms=15535.4
2026-05-07 01:21:15,254 INFO [sales-orchestrator] Periodic model warmup completed elapsed_ms=15363.1
2026-05-07 01:22:21,557 INFO [sales-orchestrator] Periodic model warmup completed elapsed_ms=6301.2
2026-05-07 01:23:36,897 INFO [sales-orchestrator] Periodic model warmup completed elapsed_ms=15338.2
2026-05-07 01:24:43,196 INFO [sales-orchestrator] Periodic model warmup completed elapsed_ms=6296.0
2026-05-07 01:25:58,538 INFO [sales-orchestrator] Periodic model warmup completed elapsed_ms=15340.6
2026-05-07 01:27:04,988 INFO [sales-orchestrator] Periodic model warmup completed elapsed_ms=6447.5
2026-05-07 01:28:20,603 INFO [sales-orchestrator] Periodic model warmup completed elapsed_ms=15613.6
2026-05-07 01:29:36,052 INFO [sales-orchestrator] Periodic model warmup completed elapsed_ms=15444.5
2026-05-07 01:30:42,378 INFO [sales-orchestrator] Periodic model warmup completed elapsed_ms=6321.4
2026-05-07 01:31:57,916 INFO [sales-orchestrator] Periodic model warmup completed elapsed_ms=15534.0
2026-05-07 01:33:04,418 INFO [sales-orchestrator] Periodic model warmup completed elapsed_ms=6497.7
2026-05-07 01:34:20,008 INFO [sales-orchestrator] Periodic model warmup completed elapsed_ms=15584.9
2026-05-07 01:35:26,681 INFO [sales-orchestrator] Periodic model warmup completed elapsed_ms=6670.3
2026-05-07 01:36:42,148 INFO [sales-orchestrator] Periodic model warmup completed elapsed_ms=15461.3
2026-05-07 01:37:57,563 INFO [sales-orchestrator] Periodic model warmup completed elapsed_ms=15410.0
2026-05-07 01:39:03,861 INFO [sales-orchestrator] Periodic model warmup completed elapsed_ms=6292.6
2026-05-07 01:40:19,243 INFO [sales-orchestrator] Periodic model warmup completed elapsed_ms=15377.3
2026-05-07 01:41:25,565 INFO [sales-orchestrator] Periodic model warmup completed elapsed_ms=6318.0
2026-05-07 01:42:41,019 INFO [sales-orchestrator] Periodic model warmup completed elapsed_ms=15449.7
2026-05-07 01:43:47,498 INFO [sales-orchestrator] Periodic model warmup completed elapsed_ms=6473.1
2026-05-07 01:45:02,977 INFO [sales-orchestrator] Periodic model warmup completed elapsed_ms=15473.2
2026-05-07 01:46:18,347 INFO [sales-orchestrator] Periodic model warmup completed elapsed_ms=15366.7
2026-05-07 01:47:24,663 INFO [sales-orchestrator] Periodic model warmup completed elapsed_ms=6314.8
2026-05-07 01:48:40,078 INFO [sales-orchestrator] Periodic model warmup completed elapsed_ms=15412.1
2026-05-07 01:49:46,362 INFO [sales-orchestrator] Periodic model warmup completed elapsed_ms=6281.1
2026-05-07 01:51:01,792 INFO [sales-orchestrator] Periodic model warmup completed elapsed_ms=15427.1
2026-05-07 01:52:08,243 INFO [sales-orchestrator] Periodic model warmup completed elapsed_ms=6447.6
2026-05-07 01:53:23,634 INFO [sales-orchestrator] Periodic model warmup completed elapsed_ms=15387.8
2026-05-07 01:54:39,102 INFO [sales-orchestrator] Periodic model warmup completed elapsed_ms=15466.6
2026-05-07 01:55:45,427 INFO [sales-orchestrator] Periodic model warmup completed elapsed_ms=6319.6
2026-05-07 01:57:00,831 INFO [sales-orchestrator] Periodic model warmup completed elapsed_ms=15401.6
2026-05-07 01:58:07,158 INFO [sales-orchestrator] Periodic model warmup completed elapsed_ms=6323.0
2026-05-07 01:59:22,567 INFO [sales-orchestrator] Periodic model warmup completed elapsed_ms=15407.7
2026-05-07 02:00:29,025 INFO [sales-orchestrator] Periodic model warmup completed elapsed_ms=6453.4
2026-05-07 02:01:44,394 INFO [sales-orchestrator] Periodic model warmup completed elapsed_ms=15368.4
2026-05-07 02:02:59,800 INFO [sales-orchestrator] Periodic model warmup completed elapsed_ms=15401.7
2026-05-07 02:04:06,082 INFO [sales-orchestrator] Periodic model warmup completed elapsed_ms=6276.9
2026-05-07 02:05:21,478 INFO [sales-orchestrator] Periodic model warmup completed elapsed_ms=15392.0
2026-05-07 02:06:27,757 INFO [sales-orchestrator] Periodic model warmup completed elapsed_ms=6273.2
2026-05-07 02:07:43,404 INFO [sales-orchestrator] Periodic model warmup completed elapsed_ms=15642.9
2026-05-07 02:08:50,080 INFO [sales-orchestrator] Periodic model warmup completed elapsed_ms=6671.9
2026-05-07 02:10:05,572 INFO [sales-orchestrator] Periodic model warmup completed elapsed_ms=15487.8
2026-05-07 02:11:21,070 INFO [sales-orchestrator] Periodic model warmup completed elapsed_ms=15495.7
2026-05-07 02:12:27,427 INFO [sales-orchestrator] Periodic model warmup completed elapsed_ms=6351.8
2026-05-07 02:13:42,850 INFO [sales-orchestrator] Periodic model warmup completed elapsed_ms=15420.2
2026-05-07 02:14:49,141 INFO [sales-orchestrator] Periodic model warmup completed elapsed_ms=6289.7
2026-05-07 02:16:04,435 INFO [sales-orchestrator] Periodic model warmup completed elapsed_ms=15291.4
2026-05-07 02:17:10,996 INFO [sales-orchestrator] Periodic model warmup completed elapsed_ms=6555.9
2026-05-07 02:18:26,376 INFO [sales-orchestrator] Periodic model warmup completed elapsed_ms=15379.1
2026-05-07 02:19:41,692 INFO [sales-orchestrator] Periodic model warmup completed elapsed_ms=15314.4
2026-05-07 02:20:48,015 INFO [sales-orchestrator] Periodic model warmup completed elapsed_ms=6319.4
2026-05-07 02:22:03,406 INFO [sales-orchestrator] Periodic model warmup completed elapsed_ms=15389.4
2026-05-07 02:23:09,691 INFO [sales-orchestrator] Periodic model warmup completed elapsed_ms=6280.3
2026-05-07 02:24:25,166 INFO [sales-orchestrator] Periodic model warmup completed elapsed_ms=15473.4
2026-05-07 02:25:31,630 INFO [sales-orchestrator] Periodic model warmup completed elapsed_ms=6462.0
2026-05-07 02:26:47,232 INFO [sales-orchestrator] Periodic model warmup completed elapsed_ms=15600.1
2026-05-07 02:28:02,520 INFO [sales-orchestrator] Periodic model warmup completed elapsed_ms=15283.2
2026-05-07 02:29:08,839 INFO [sales-orchestrator] Periodic model warmup completed elapsed_ms=6317.7
2026-05-07 02:30:24,145 INFO [sales-orchestrator] Periodic model warmup completed elapsed_ms=15300.8
2026-05-07 02:31:30,494 INFO [sales-orchestrator] Periodic model warmup completed elapsed_ms=6343.8
2026-05-07 02:32:45,895 INFO [sales-orchestrator] Periodic model warmup completed elapsed_ms=15399.3
2026-05-07 02:33:52,382 INFO [sales-orchestrator] Periodic model warmup completed elapsed_ms=6482.0
2026-05-07 02:35:07,838 INFO [sales-orchestrator] Periodic model warmup completed elapsed_ms=15451.3
2026-05-07 02:36:23,160 INFO [sales-orchestrator] Periodic model warmup completed elapsed_ms=15320.3
2026-05-07 02:37:29,463 INFO [sales-orchestrator] Periodic model warmup completed elapsed_ms=6297.7
2026-05-07 02:38:44,873 INFO [sales-orchestrator] Periodic model warmup completed elapsed_ms=15406.0
2026-05-07 02:39:51,182 INFO [sales-orchestrator] Periodic model warmup completed elapsed_ms=6307.8
2026-05-07 02:41:06,589 INFO [sales-orchestrator] Periodic model warmup completed elapsed_ms=15405.2
2026-05-07 02:42:13,019 INFO [sales-orchestrator] Periodic model warmup completed elapsed_ms=6426.5
2026-05-07 02:43:28,303 INFO [sales-orchestrator] Periodic model warmup completed elapsed_ms=15278.4
2026-05-07 02:44:43,694 INFO [sales-orchestrator] Periodic model warmup completed elapsed_ms=15386.0
2026-05-07 02:45:49,963 INFO [sales-orchestrator] Periodic model warmup completed elapsed_ms=6264.8
2026-05-07 02:47:05,492 INFO [sales-orchestrator] Periodic model warmup completed elapsed_ms=15522.6
2026-05-07 02:48:11,895 INFO [sales-orchestrator] Periodic model warmup completed elapsed_ms=6399.5
2026-05-07 02:49:27,282 INFO [sales-orchestrator] Periodic model warmup completed elapsed_ms=15382.5
2026-05-07 02:50:33,944 INFO [sales-orchestrator] Periodic model warmup completed elapsed_ms=6659.6
2026-05-07 02:51:49,418 INFO [sales-orchestrator] Periodic model warmup completed elapsed_ms=15470.1
2026-05-07 02:53:04,907 INFO [sales-orchestrator] Periodic model warmup completed elapsed_ms=15484.7
2026-05-07 02:54:11,284 INFO [sales-orchestrator] Periodic model warmup completed elapsed_ms=6372.6
2026-05-07 02:55:26,736 INFO [sales-orchestrator] Periodic model warmup completed elapsed_ms=15447.4
2026-05-07 02:56:33,035 INFO [sales-orchestrator] Periodic model warmup completed elapsed_ms=6296.6
2026-05-07 02:57:48,447 INFO [sales-orchestrator] Periodic model warmup completed elapsed_ms=15409.5
2026-05-07 02:58:54,869 INFO [sales-orchestrator] Periodic model warmup completed elapsed_ms=6418.4
2026-05-07 03:00:10,445 INFO [sales-orchestrator] Periodic model warmup completed elapsed_ms=15572.7
2026-05-07 03:01:25,919 INFO [sales-orchestrator] Periodic model warmup completed elapsed_ms=15468.7
2026-05-07 03:02:32,273 INFO [sales-orchestrator] Periodic model warmup completed elapsed_ms=6351.1
2026-05-07 03:03:47,785 INFO [sales-orchestrator] Periodic model warmup completed elapsed_ms=15508.2
2026-05-07 03:04:54,144 INFO [sales-orchestrator] Periodic model warmup completed elapsed_ms=6354.9
2026-05-07 03:06:09,525 INFO [sales-orchestrator] Periodic model warmup completed elapsed_ms=15377.3
2026-05-07 03:07:15,954 INFO [sales-orchestrator] Periodic model warmup completed elapsed_ms=6423.0
2026-05-07 03:08:31,369 INFO [sales-orchestrator] Periodic model warmup completed elapsed_ms=15410.4
2026-05-07 03:09:46,800 INFO [sales-orchestrator] Periodic model warmup completed elapsed_ms=15427.1
2026-05-07 03:10:53,100 INFO [sales-orchestrator] Periodic model warmup completed elapsed_ms=6295.2
2026-05-07 03:12:08,714 INFO [sales-orchestrator] Periodic model warmup completed elapsed_ms=15609.9
2026-05-07 03:13:15,209 INFO [sales-orchestrator] Periodic model warmup completed elapsed_ms=6490.7
2026-05-07 03:14:30,649 INFO [sales-orchestrator] Periodic model warmup completed elapsed_ms=15438.7
2026-05-07 03:15:37,103 INFO [sales-orchestrator] Periodic model warmup completed elapsed_ms=6452.0
2026-05-07 03:16:52,584 INFO [sales-orchestrator] Periodic model warmup completed elapsed_ms=15478.1
2026-05-07 03:18:08,216 INFO [sales-orchestrator] Periodic model warmup completed elapsed_ms=15627.4
2026-05-07 03:19:14,556 INFO [sales-orchestrator] Periodic model warmup completed elapsed_ms=6337.8
2026-05-07 03:20:30,008 INFO [sales-orchestrator] Periodic model warmup completed elapsed_ms=15450.2
2026-05-07 03:21:36,344 INFO [sales-orchestrator] Periodic model warmup completed elapsed_ms=6334.5
2026-05-07 03:22:51,821 INFO [sales-orchestrator] Periodic model warmup completed elapsed_ms=15474.4
2026-05-07 03:23:58,267 INFO [sales-orchestrator] Periodic model warmup completed elapsed_ms=6444.0
2026-05-07 03:25:13,820 INFO [sales-orchestrator] Periodic model warmup completed elapsed_ms=15549.8
2026-05-07 03:26:29,223 INFO [sales-orchestrator] Periodic model warmup completed elapsed_ms=15400.9
2026-05-07 03:27:35,546 INFO [sales-orchestrator] Periodic model warmup completed elapsed_ms=6321.3
2026-05-07 03:28:51,029 INFO [sales-orchestrator] Periodic model warmup completed elapsed_ms=15478.1
2026-05-07 03:29:57,546 INFO [sales-orchestrator] Periodic model warmup completed elapsed_ms=6513.4
2026-05-07 03:31:12,940 INFO [sales-orchestrator] Periodic model warmup completed elapsed_ms=15390.5
2026-05-07 03:32:19,487 INFO [sales-orchestrator] Periodic model warmup completed elapsed_ms=6542.8
2026-05-07 03:33:34,941 INFO [sales-orchestrator] Periodic model warmup completed elapsed_ms=15449.7
2026-05-07 03:34:50,249 INFO [sales-orchestrator] Periodic model warmup completed elapsed_ms=15303.8
2026-05-07 03:35:56,525 INFO [sales-orchestrator] Periodic model warmup completed elapsed_ms=6273.7
2026-05-07 03:37:11,967 INFO [sales-orchestrator] Periodic model warmup completed elapsed_ms=15437.5
2026-05-07 03:38:18,240 INFO [sales-orchestrator] Periodic model warmup completed elapsed_ms=6271.0
2026-05-07 03:39:33,620 INFO [sales-orchestrator] Periodic model warmup completed elapsed_ms=15375.7
2026-05-07 03:40:40,065 INFO [sales-orchestrator] Periodic model warmup completed elapsed_ms=6440.6
2026-05-07 03:41:55,450 INFO [sales-orchestrator] Periodic model warmup completed elapsed_ms=15380.0
2026-05-07 03:43:10,843 INFO [sales-orchestrator] Periodic model warmup completed elapsed_ms=15388.8
2026-05-07 03:44:17,112 INFO [sales-orchestrator] Periodic model warmup completed elapsed_ms=6265.6
2026-05-07 03:45:32,523 INFO [sales-orchestrator] Periodic model warmup completed elapsed_ms=15407.0
2026-05-07 03:46:38,856 INFO [sales-orchestrator] Periodic model warmup completed elapsed_ms=6328.0
2026-05-07 03:47:54,178 INFO [sales-orchestrator] Periodic model warmup completed elapsed_ms=15317.7
2026-05-07 03:49:00,693 INFO [sales-orchestrator] Periodic model warmup completed elapsed_ms=6509.9
2026-05-07 03:50:15,983 INFO [sales-orchestrator] Periodic model warmup completed elapsed_ms=15288.4
2026-05-07 03:51:31,409 INFO [sales-orchestrator] Periodic model warmup completed elapsed_ms=15421.8
2026-05-07 03:52:37,698 INFO [sales-orchestrator] Periodic model warmup completed elapsed_ms=6285.3
2026-05-07 03:53:53,298 INFO [sales-orchestrator] Periodic model warmup completed elapsed_ms=15596.7
2026-05-07 03:54:59,800 INFO [sales-orchestrator] Periodic model warmup completed elapsed_ms=6496.7
2026-05-07 03:56:15,234 INFO [sales-orchestrator] Periodic model warmup completed elapsed_ms=15429.5
2026-05-07 03:57:21,653 INFO [sales-orchestrator] Periodic model warmup completed elapsed_ms=6413.7
2026-05-07 03:58:37,041 INFO [sales-orchestrator] Periodic model warmup completed elapsed_ms=15383.8
2026-05-07 03:59:52,494 INFO [sales-orchestrator] Periodic model warmup completed elapsed_ms=15448.0
2026-05-07 04:00:58,829 INFO [sales-orchestrator] Periodic model warmup completed elapsed_ms=6333.2
2026-05-07 04:02:14,430 INFO [sales-orchestrator] Periodic model warmup completed elapsed_ms=15596.7
2026-05-07 04:03:20,918 INFO [sales-orchestrator] Periodic model warmup completed elapsed_ms=6483.4
2026-05-07 04:04:36,312 INFO [sales-orchestrator] Periodic model warmup completed elapsed_ms=15391.6
2026-05-07 04:05:42,757 INFO [sales-orchestrator] Periodic model warmup completed elapsed_ms=6442.5
2026-05-07 04:06:58,026 INFO [sales-orchestrator] Periodic model warmup completed elapsed_ms=15268.2
2026-05-07 04:08:13,340 INFO [sales-orchestrator] Periodic model warmup completed elapsed_ms=15311.6
2026-05-07 04:09:19,662 INFO [sales-orchestrator] Periodic model warmup completed elapsed_ms=6317.7
2026-05-07 04:10:35,101 INFO [sales-orchestrator] Periodic model warmup completed elapsed_ms=15435.9
2026-05-07 04:11:41,501 INFO [sales-orchestrator] Periodic model warmup completed elapsed_ms=6396.2
2026-05-07 04:12:56,907 INFO [sales-orchestrator] Periodic model warmup completed elapsed_ms=15401.0
2026-05-07 04:14:03,305 INFO [sales-orchestrator] Periodic model warmup completed elapsed_ms=6394.3
2026-05-07 04:15:18,631 INFO [sales-orchestrator] Periodic model warmup completed elapsed_ms=15321.7
2026-05-07 04:16:33,968 INFO [sales-orchestrator] Periodic model warmup completed elapsed_ms=15332.3
2026-05-07 04:17:40,238 INFO [sales-orchestrator] Periodic model warmup completed elapsed_ms=6266.0
2026-05-07 04:18:55,644 INFO [sales-orchestrator] Periodic model warmup completed elapsed_ms=15403.6
2026-05-07 04:20:01,947 INFO [sales-orchestrator] Periodic model warmup completed elapsed_ms=6301.1
2026-05-07 04:21:17,393 INFO [sales-orchestrator] Periodic model warmup completed elapsed_ms=15443.8
2026-05-07 04:22:23,958 INFO [sales-orchestrator] Periodic model warmup completed elapsed_ms=6562.9
2026-05-07 04:23:39,257 INFO [sales-orchestrator] Periodic model warmup completed elapsed_ms=15297.3
2026-05-07 04:24:54,906 INFO [sales-orchestrator] Periodic model warmup completed elapsed_ms=15646.8
2026-05-07 04:26:01,427 INFO [sales-orchestrator] Periodic model warmup completed elapsed_ms=6519.1
2026-05-07 04:27:16,763 INFO [sales-orchestrator] Periodic model warmup completed elapsed_ms=15333.5
2026-05-07 04:28:23,092 INFO [sales-orchestrator] Periodic model warmup completed elapsed_ms=6327.4
2026-05-07 04:29:38,379 INFO [sales-orchestrator] Periodic model warmup completed elapsed_ms=15281.4
2026-05-07 04:30:44,803 INFO [sales-orchestrator] Periodic model warmup completed elapsed_ms=6420.1
2026-05-07 04:32:00,322 INFO [sales-orchestrator] Periodic model warmup completed elapsed_ms=15514.2
2026-05-07 04:33:15,947 INFO [sales-orchestrator] Periodic model warmup completed elapsed_ms=15620.4
2026-05-07 04:34:22,432 INFO [sales-orchestrator] Periodic model warmup completed elapsed_ms=6480.4
2026-05-07 04:35:38,006 INFO [sales-orchestrator] Periodic model warmup completed elapsed_ms=15569.6
2026-05-07 04:36:44,503 INFO [sales-orchestrator] Periodic model warmup completed elapsed_ms=6493.2
2026-05-07 04:37:59,897 INFO [sales-orchestrator] Periodic model warmup completed elapsed_ms=15389.5
2026-05-07 04:39:06,324 INFO [sales-orchestrator] Periodic model warmup completed elapsed_ms=6425.6
2026-05-07 04:40:21,813 INFO [sales-orchestrator] Periodic model warmup completed elapsed_ms=15484.1
2026-05-07 04:41:37,279 INFO [sales-orchestrator] Periodic model warmup completed elapsed_ms=15460.8
2026-05-07 04:42:43,616 INFO [sales-orchestrator] Periodic model warmup completed elapsed_ms=6331.8
2026-05-07 04:43:59,195 INFO [sales-orchestrator] Periodic model warmup completed elapsed_ms=15574.1
2026-05-07 04:45:05,697 INFO [sales-orchestrator] Periodic model warmup completed elapsed_ms=6500.4
2026-05-07 04:46:21,058 INFO [sales-orchestrator] Periodic model warmup completed elapsed_ms=15356.7
2026-05-07 04:47:27,549 INFO [sales-orchestrator] Periodic model warmup completed elapsed_ms=6486.2
2026-05-07 04:48:43,045 INFO [sales-orchestrator] Periodic model warmup completed elapsed_ms=15492.1
2026-05-07 04:49:58,462 INFO [sales-orchestrator] Periodic model warmup completed elapsed_ms=15412.5
2026-05-07 04:51:04,748 INFO [sales-orchestrator] Periodic model warmup completed elapsed_ms=6281.9
2026-05-07 04:52:20,136 INFO [sales-orchestrator] Periodic model warmup completed elapsed_ms=15383.4
2026-05-07 04:53:26,415 INFO [sales-orchestrator] Periodic model warmup completed elapsed_ms=6275.0
2026-05-07 04:54:41,979 INFO [sales-orchestrator] Periodic model warmup completed elapsed_ms=15559.2
2026-05-07 04:55:48,650 INFO [sales-orchestrator] Periodic model warmup completed elapsed_ms=6666.3
2026-05-07 04:57:04,270 INFO [sales-orchestrator] Periodic model warmup completed elapsed_ms=15615.1
2026-05-07 04:58:19,654 INFO [sales-orchestrator] Periodic model warmup completed elapsed_ms=15382.6
2026-05-07 04:59:25,915 INFO [sales-orchestrator] Periodic model warmup completed elapsed_ms=6256.5
2026-05-07 05:00:41,347 INFO [sales-orchestrator] Periodic model warmup completed elapsed_ms=15426.8
2026-05-07 05:01:47,611 INFO [sales-orchestrator] Periodic model warmup completed elapsed_ms=6260.0
2026-05-07 05:03:03,020 INFO [sales-orchestrator] Periodic model warmup completed elapsed_ms=15405.0
2026-05-07 05:04:09,428 INFO [sales-orchestrator] Periodic model warmup completed elapsed_ms=6404.4
2026-05-07 05:05:24,915 INFO [sales-orchestrator] Periodic model warmup completed elapsed_ms=15483.6
2026-05-07 05:06:40,443 INFO [sales-orchestrator] Periodic model warmup completed elapsed_ms=15523.2
2026-05-07 05:07:46,798 INFO [sales-orchestrator] Periodic model warmup completed elapsed_ms=6350.9
2026-05-07 05:09:02,204 INFO [sales-orchestrator] Periodic model warmup completed elapsed_ms=15401.5
2026-05-07 05:10:08,479 INFO [sales-orchestrator] Periodic model warmup completed elapsed_ms=6270.5
2026-05-07 05:11:23,727 INFO [sales-orchestrator] Periodic model warmup completed elapsed_ms=15243.1
2026-05-07 05:12:30,207 INFO [sales-orchestrator] Periodic model warmup completed elapsed_ms=6478.9
2026-05-07 05:13:45,836 INFO [sales-orchestrator] Periodic model warmup completed elapsed_ms=15626.8
2026-05-07 05:15:01,426 INFO [sales-orchestrator] Periodic model warmup completed elapsed_ms=15589.0
2026-05-07 05:16:07,910 INFO [sales-orchestrator] Periodic model warmup completed elapsed_ms=6480.0
2026-05-07 05:17:23,473 INFO [sales-orchestrator] Periodic model warmup completed elapsed_ms=15560.1
2026-05-07 05:18:29,922 INFO [sales-orchestrator] Periodic model warmup completed elapsed_ms=6445.7
2026-05-07 05:19:45,183 INFO [sales-orchestrator] Periodic model warmup completed elapsed_ms=15261.2
2026-05-07 05:20:51,564 INFO [sales-orchestrator] Periodic model warmup completed elapsed_ms=6380.2
2026-05-07 05:22:06,908 INFO [sales-orchestrator] Periodic model warmup completed elapsed_ms=15343.5
2026-05-07 05:23:22,323 INFO [sales-orchestrator] Periodic model warmup completed elapsed_ms=15413.8
2026-05-07 05:24:28,778 INFO [sales-orchestrator] Periodic model warmup completed elapsed_ms=6454.5
2026-05-07 05:25:44,010 INFO [sales-orchestrator] Periodic model warmup completed elapsed_ms=15230.8
2026-05-07 05:26:50,266 INFO [sales-orchestrator] Periodic model warmup completed elapsed_ms=6255.9
2026-05-07 05:28:05,585 INFO [sales-orchestrator] Periodic model warmup completed elapsed_ms=15315.5
2026-05-07 05:29:12,137 INFO [sales-orchestrator] Periodic model warmup completed elapsed_ms=6551.9
2026-05-07 05:30:27,404 INFO [sales-orchestrator] Periodic model warmup completed elapsed_ms=15263.9
2026-05-07 05:31:43,003 INFO [sales-orchestrator] Periodic model warmup completed elapsed_ms=15598.7
2026-05-07 05:32:49,464 INFO [sales-orchestrator] Periodic model warmup completed elapsed_ms=6461.0
2026-05-07 05:34:04,761 INFO [sales-orchestrator] Periodic model warmup completed elapsed_ms=15293.1
2026-05-07 05:35:11,047 INFO [sales-orchestrator] Periodic model warmup completed elapsed_ms=6283.6
2026-05-07 05:36:26,522 INFO [sales-orchestrator] Periodic model warmup completed elapsed_ms=15471.6
2026-05-07 05:37:33,004 INFO [sales-orchestrator] Periodic model warmup completed elapsed_ms=6478.9
2026-05-07 05:38:48,434 INFO [sales-orchestrator] Periodic model warmup completed elapsed_ms=15426.8
2026-05-07 05:40:03,914 INFO [sales-orchestrator] Periodic model warmup completed elapsed_ms=15477.2
2026-05-07 05:41:10,218 INFO [sales-orchestrator] Periodic model warmup completed elapsed_ms=6300.8
2026-05-07 05:42:25,511 INFO [sales-orchestrator] Periodic model warmup completed elapsed_ms=15289.6
2026-05-07 05:43:31,830 INFO [sales-orchestrator] Periodic model warmup completed elapsed_ms=6316.3
2026-05-07 05:44:47,488 INFO [sales-orchestrator] Periodic model warmup completed elapsed_ms=15655.0
2026-05-07 05:45:54,084 INFO [sales-orchestrator] Periodic model warmup completed elapsed_ms=6593.3
2026-05-07 05:47:09,366 INFO [sales-orchestrator] Periodic model warmup completed elapsed_ms=15278.4
2026-05-07 05:48:24,738 INFO [sales-orchestrator] Periodic model warmup completed elapsed_ms=15369.8
2026-05-07 05:49:30,983 INFO [sales-orchestrator] Periodic model warmup completed elapsed_ms=6242.2
2026-05-07 05:50:46,405 INFO [sales-orchestrator] Periodic model warmup completed elapsed_ms=15419.2
2026-05-07 05:51:52,737 INFO [sales-orchestrator] Periodic model warmup completed elapsed_ms=6328.8
2026-05-07 05:53:08,057 INFO [sales-orchestrator] Periodic model warmup completed elapsed_ms=15316.3
2026-05-07 05:54:14,449 INFO [sales-orchestrator] Periodic model warmup completed elapsed_ms=6389.7
2026-05-07 05:55:30,003 INFO [sales-orchestrator] Periodic model warmup completed elapsed_ms=15550.7
2026-05-07 05:56:45,499 INFO [sales-orchestrator] Periodic model warmup completed elapsed_ms=15492.4
2026-05-07 05:57:52,008 INFO [sales-orchestrator] Periodic model warmup completed elapsed_ms=6506.1
2026-05-07 05:59:07,297 INFO [sales-orchestrator] Periodic model warmup completed elapsed_ms=15286.3
2026-05-07 06:00:13,567 INFO [sales-orchestrator] Periodic model warmup completed elapsed_ms=6265.5
2026-05-07 06:01:28,872 INFO [sales-orchestrator] Periodic model warmup completed elapsed_ms=15301.8
2026-05-07 06:02:35,308 INFO [sales-orchestrator] Periodic model warmup completed elapsed_ms=6432.8
2026-05-07 06:03:50,582 INFO [sales-orchestrator] Periodic model warmup completed elapsed_ms=15269.7
2026-05-07 06:05:05,839 INFO [sales-orchestrator] Periodic model warmup completed elapsed_ms=15254.4
2026-05-07 06:06:12,088 INFO [sales-orchestrator] Periodic model warmup completed elapsed_ms=6245.9
2026-05-07 06:07:27,438 INFO [sales-orchestrator] Periodic model warmup completed elapsed_ms=15346.8
2026-05-07 06:08:33,711 INFO [sales-orchestrator] Periodic model warmup completed elapsed_ms=6270.1
2026-05-07 06:09:49,042 INFO [sales-orchestrator] Periodic model warmup completed elapsed_ms=15328.2
2026-05-07 06:10:55,446 INFO [sales-orchestrator] Periodic model warmup completed elapsed_ms=6401.6
2026-05-07 06:12:10,711 INFO [sales-orchestrator] Periodic model warmup completed elapsed_ms=15262.1
2026-05-07 06:13:26,313 INFO [sales-orchestrator] Periodic model warmup completed elapsed_ms=15598.8
2026-05-07 06:14:32,809 INFO [sales-orchestrator] Periodic model warmup completed elapsed_ms=6493.2
2026-05-07 06:15:48,162 INFO [sales-orchestrator] Periodic model warmup completed elapsed_ms=15351.0
2026-05-07 06:16:54,572 INFO [sales-orchestrator] Periodic model warmup completed elapsed_ms=6405.8
2026-05-07 06:18:10,149 INFO [sales-orchestrator] Periodic model warmup completed elapsed_ms=15573.8
2026-05-07 06:19:17,043 INFO [sales-orchestrator] Periodic model warmup completed elapsed_ms=6893.2
2026-05-07 06:20:32,380 INFO [sales-orchestrator] Periodic model warmup completed elapsed_ms=15337.1
2026-05-07 06:21:47,973 INFO [sales-orchestrator] Periodic model warmup completed elapsed_ms=15591.5
2026-05-07 06:22:54,419 INFO [sales-orchestrator] Periodic model warmup completed elapsed_ms=6444.2
2026-05-07 06:24:10,106 INFO [sales-orchestrator] Periodic model warmup completed elapsed_ms=15686.4
2026-05-07 06:25:16,606 INFO [sales-orchestrator] Periodic model warmup completed elapsed_ms=6499.6
2026-05-07 06:26:31,935 INFO [sales-orchestrator] Periodic model warmup completed elapsed_ms=15327.2
2026-05-07 06:27:38,374 INFO [sales-orchestrator] Periodic model warmup completed elapsed_ms=6438.6
2026-05-07 06:28:53,782 INFO [sales-orchestrator] Periodic model warmup completed elapsed_ms=15401.8
2026-05-07 06:30:09,120 INFO [sales-orchestrator] Periodic model warmup completed elapsed_ms=15333.7
2026-05-07 06:31:15,409 INFO [sales-orchestrator] Periodic model warmup completed elapsed_ms=6283.9
2026-05-07 06:32:30,846 INFO [sales-orchestrator] Periodic model warmup completed elapsed_ms=15429.7
2026-05-07 06:33:37,144 INFO [sales-orchestrator] Periodic model warmup completed elapsed_ms=6292.8
2026-05-07 06:34:52,571 INFO [sales-orchestrator] Periodic model warmup completed elapsed_ms=15420.3
2026-05-07 06:35:59,044 INFO [sales-orchestrator] Periodic model warmup completed elapsed_ms=6467.3
2026-05-07 06:37:14,569 INFO [sales-orchestrator] Periodic model warmup completed elapsed_ms=15518.5
2026-05-07 06:38:29,848 INFO [sales-orchestrator] Periodic model warmup completed elapsed_ms=15272.3
2026-05-07 06:39:36,128 INFO [sales-orchestrator] Periodic model warmup completed elapsed_ms=6274.6
2026-05-07 06:40:51,504 INFO [sales-orchestrator] Periodic model warmup completed elapsed_ms=15372.9
2026-05-07 06:41:57,764 INFO [sales-orchestrator] Periodic model warmup completed elapsed_ms=6254.2
2026-05-07 06:43:13,036 INFO [sales-orchestrator] Periodic model warmup completed elapsed_ms=15266.1
2026-05-07 06:44:19,569 INFO [sales-orchestrator] Periodic model warmup completed elapsed_ms=6525.9
2026-05-07 06:45:35,046 INFO [sales-orchestrator] Periodic model warmup completed elapsed_ms=15471.2
2026-05-07 06:46:50,433 INFO [sales-orchestrator] Periodic model warmup completed elapsed_ms=15381.1
2026-05-07 06:47:56,795 INFO [sales-orchestrator] Periodic model warmup completed elapsed_ms=6356.2
2026-05-07 06:49:12,251 INFO [sales-orchestrator] Periodic model warmup completed elapsed_ms=15449.4
2026-05-07 06:50:18,715 INFO [sales-orchestrator] Periodic model warmup completed elapsed_ms=6458.7
2026-05-07 06:51:34,121 INFO [sales-orchestrator] Periodic model warmup completed elapsed_ms=15399.3
2026-05-07 06:52:40,609 INFO [sales-orchestrator] Periodic model warmup completed elapsed_ms=6481.8
2026-05-07 06:53:56,053 INFO [sales-orchestrator] Periodic model warmup completed elapsed_ms=15437.6
2026-05-07 06:55:11,438 INFO [sales-orchestrator] Periodic model warmup completed elapsed_ms=15377.5
2026-05-07 06:56:17,708 INFO [sales-orchestrator] Periodic model warmup completed elapsed_ms=6265.5
2026-05-07 06:57:33,123 INFO [sales-orchestrator] Periodic model warmup completed elapsed_ms=15409.8
2026-05-07 06:58:39,391 INFO [sales-orchestrator] Periodic model warmup completed elapsed_ms=6261.3
2026-05-07 06:59:54,755 INFO [sales-orchestrator] Periodic model warmup completed elapsed_ms=15356.6
2026-05-07 07:01:01,206 INFO [sales-orchestrator] Periodic model warmup completed elapsed_ms=6447.7
2026-05-07 07:02:16,568 INFO [sales-orchestrator] Periodic model warmup completed elapsed_ms=15356.5
2026-05-07 07:03:32,190 INFO [sales-orchestrator] Periodic model warmup completed elapsed_ms=15616.4
2026-05-07 07:04:38,690 INFO [sales-orchestrator] Periodic model warmup completed elapsed_ms=6494.0
2026-05-07 07:05:54,055 INFO [sales-orchestrator] Periodic model warmup completed elapsed_ms=15357.6
2026-05-07 07:07:00,316 INFO [sales-orchestrator] Periodic model warmup completed elapsed_ms=6257.8
2026-05-07 07:08:15,674 INFO [sales-orchestrator] Periodic model warmup completed elapsed_ms=15351.5
2026-05-07 07:09:22,177 INFO [sales-orchestrator] Periodic model warmup completed elapsed_ms=6499.3
2026-05-07 07:10:37,594 INFO [sales-orchestrator] Periodic model warmup completed elapsed_ms=15411.5
2026-05-07 07:11:52,977 INFO [sales-orchestrator] Periodic model warmup completed elapsed_ms=15377.6
2026-05-07 07:12:59,235 INFO [sales-orchestrator] Periodic model warmup completed elapsed_ms=6252.4
2026-05-07 07:14:14,681 INFO [sales-orchestrator] Periodic model warmup completed elapsed_ms=15439.7
2026-05-07 07:15:21,006 INFO [sales-orchestrator] Periodic model warmup completed elapsed_ms=6318.8
2026-05-07 07:16:36,622 INFO [sales-orchestrator] Periodic model warmup completed elapsed_ms=15612.8
2026-05-07 07:17:43,242 INFO [sales-orchestrator] Periodic model warmup completed elapsed_ms=6613.3
2026-05-07 07:18:58,648 INFO [sales-orchestrator] Periodic model warmup completed elapsed_ms=15402.5
2026-05-07 07:20:14,030 INFO [sales-orchestrator] Periodic model warmup completed elapsed_ms=15377.4
2026-05-07 07:21:20,307 INFO [sales-orchestrator] Periodic model warmup completed elapsed_ms=6273.1
2026-05-07 07:22:35,654 INFO [sales-orchestrator] Periodic model warmup completed elapsed_ms=15342.6
2026-05-07 07:23:41,923 INFO [sales-orchestrator] Periodic model warmup completed elapsed_ms=6264.0
2026-05-07 07:24:57,299 INFO [sales-orchestrator] Periodic model warmup completed elapsed_ms=15372.0
2026-05-07 07:26:03,730 INFO [sales-orchestrator] Periodic model warmup completed elapsed_ms=6426.1
2026-05-07 07:27:19,208 INFO [sales-orchestrator] Periodic model warmup completed elapsed_ms=15475.2
2026-05-07 07:28:34,607 INFO [sales-orchestrator] Periodic model warmup completed elapsed_ms=15397.1
2026-05-07 07:29:40,865 INFO [sales-orchestrator] Periodic model warmup completed elapsed_ms=6258.2
2026-05-07 07:30:56,255 INFO [sales-orchestrator] Periodic model warmup completed elapsed_ms=15385.3
2026-05-07 07:32:02,531 INFO [sales-orchestrator] Periodic model warmup completed elapsed_ms=6272.6
2026-05-07 07:33:17,921 INFO [sales-orchestrator] Periodic model warmup completed elapsed_ms=15386.4
2026-05-07 07:34:24,424 INFO [sales-orchestrator] Periodic model warmup completed elapsed_ms=6500.3
2026-05-07 07:35:39,845 INFO [sales-orchestrator] Periodic model warmup completed elapsed_ms=15416.7
2026-05-07 07:36:55,320 INFO [sales-orchestrator] Periodic model warmup completed elapsed_ms=15474.9
2026-05-07 07:38:01,698 INFO [sales-orchestrator] Periodic model warmup completed elapsed_ms=6374.2
2026-05-07 07:39:17,233 INFO [sales-orchestrator] Periodic model warmup completed elapsed_ms=15532.1
2026-05-07 07:40:23,649 INFO [sales-orchestrator] Periodic model warmup completed elapsed_ms=6411.6
2026-05-07 07:41:39,270 INFO [sales-orchestrator] Periodic model warmup completed elapsed_ms=15617.4
2026-05-07 07:42:45,731 INFO [sales-orchestrator] Periodic model warmup completed elapsed_ms=6458.2
2026-05-07 07:44:01,248 INFO [sales-orchestrator] Periodic model warmup completed elapsed_ms=15514.3
2026-05-07 07:45:16,676 INFO [sales-orchestrator] Periodic model warmup completed elapsed_ms=15426.5
2026-05-07 07:46:22,972 INFO [sales-orchestrator] Periodic model warmup completed elapsed_ms=6292.8
2026-05-07 07:47:38,390 INFO [sales-orchestrator] Periodic model warmup completed elapsed_ms=15413.9
2026-05-07 07:48:44,669 INFO [sales-orchestrator] Periodic model warmup completed elapsed_ms=6276.7
2026-05-07 07:49:59,957 INFO [sales-orchestrator] Periodic model warmup completed elapsed_ms=15284.2
2026-05-07 07:51:06,444 INFO [sales-orchestrator] Periodic model warmup completed elapsed_ms=6485.0
2026-05-07 07:52:21,738 INFO [sales-orchestrator] Periodic model warmup completed elapsed_ms=15289.4
2026-05-07 07:53:36,990 INFO [sales-orchestrator] Periodic model warmup completed elapsed_ms=15251.9
2026-05-07 07:54:43,256 INFO [sales-orchestrator] Periodic model warmup completed elapsed_ms=6263.2
2026-05-07 07:55:58,532 INFO [sales-orchestrator] Periodic model warmup completed elapsed_ms=15275.8
2026-05-07 07:57:04,841 INFO [sales-orchestrator] Periodic model warmup completed elapsed_ms=6308.2
2026-05-07 07:58:20,207 INFO [sales-orchestrator] Periodic model warmup completed elapsed_ms=15363.0
2026-05-07 07:59:26,598 INFO [sales-orchestrator] Periodic model warmup completed elapsed_ms=6387.7
2026-05-07 08:00:42,057 INFO [sales-orchestrator] Periodic model warmup completed elapsed_ms=15456.2
2026-05-07 08:01:57,378 INFO [sales-orchestrator] Periodic model warmup completed elapsed_ms=15320.2
2026-05-07 08:03:03,725 INFO [sales-orchestrator] Periodic model warmup completed elapsed_ms=6343.4
2026-05-07 08:04:19,084 INFO [sales-orchestrator] Periodic model warmup completed elapsed_ms=15353.7
2026-05-07 08:05:25,445 INFO [sales-orchestrator] Periodic model warmup completed elapsed_ms=6358.7
2026-05-07 08:06:40,720 INFO [sales-orchestrator] Periodic model warmup completed elapsed_ms=15272.7
2026-05-07 08:07:47,131 INFO [sales-orchestrator] Periodic model warmup completed elapsed_ms=6408.7
2026-05-07 08:09:02,408 INFO [sales-orchestrator] Periodic model warmup completed elapsed_ms=15273.4
2026-05-07 08:10:17,773 INFO [sales-orchestrator] Periodic model warmup completed elapsed_ms=15361.3
2026-05-07 08:11:24,022 INFO [sales-orchestrator] Periodic model warmup completed elapsed_ms=6245.0
2026-05-07 08:12:39,239 INFO [sales-orchestrator] Periodic model warmup completed elapsed_ms=15214.4
2026-05-07 08:13:45,495 INFO [sales-orchestrator] Periodic model warmup completed elapsed_ms=6254.4
2026-05-07 08:15:01,036 INFO [sales-orchestrator] Periodic model warmup completed elapsed_ms=15540.1
2026-05-07 08:16:07,633 INFO [sales-orchestrator] Periodic model warmup completed elapsed_ms=6593.8
2026-05-07 08:17:23,071 INFO [sales-orchestrator] Periodic model warmup completed elapsed_ms=15438.2
2026-05-07 08:18:38,349 INFO [sales-orchestrator] Periodic model warmup completed elapsed_ms=15275.3
2026-05-07 08:19:44,621 INFO [sales-orchestrator] Periodic model warmup completed elapsed_ms=6270.9
2026-05-07 08:21:00,034 INFO [sales-orchestrator] Periodic model warmup completed elapsed_ms=15412.6
2026-05-07 08:22:06,289 INFO [sales-orchestrator] Periodic model warmup completed elapsed_ms=6254.5
2026-05-07 08:23:21,672 INFO [sales-orchestrator] Periodic model warmup completed elapsed_ms=15380.9
2026-05-07 08:24:28,094 INFO [sales-orchestrator] Periodic model warmup completed elapsed_ms=6420.8
2026-05-07 08:25:43,486 INFO [sales-orchestrator] Periodic model warmup completed elapsed_ms=15390.6
2026-05-07 08:26:59,014 INFO [sales-orchestrator] Periodic model warmup completed elapsed_ms=15526.8
2026-05-07 08:28:05,386 INFO [sales-orchestrator] Periodic model warmup completed elapsed_ms=6371.8
2026-05-07 08:29:20,891 INFO [sales-orchestrator] Periodic model warmup completed elapsed_ms=15501.4
2026-05-07 08:30:27,364 INFO [sales-orchestrator] Periodic model warmup completed elapsed_ms=6470.6
2026-05-07 08:31:42,848 INFO [sales-orchestrator] Periodic model warmup completed elapsed_ms=15481.2
2026-05-07 08:32:49,408 INFO [sales-orchestrator] Periodic model warmup completed elapsed_ms=6557.0
2026-05-07 08:34:04,861 INFO [sales-orchestrator] Periodic model warmup completed elapsed_ms=15449.0
2026-05-07 08:35:20,178 INFO [sales-orchestrator] Periodic model warmup completed elapsed_ms=15313.5
2026-05-07 08:36:26,447 INFO [sales-orchestrator] Periodic model warmup completed elapsed_ms=6264.5
2026-05-07 08:37:41,819 INFO [sales-orchestrator] Periodic model warmup completed elapsed_ms=15369.3
2026-05-07 08:38:48,068 INFO [sales-orchestrator] Periodic model warmup completed elapsed_ms=6246.0
2026-05-07 08:40:03,383 INFO [sales-orchestrator] Periodic model warmup completed elapsed_ms=15314.3
2026-05-07 08:41:09,820 INFO [sales-orchestrator] Periodic model warmup completed elapsed_ms=6434.0
2026-05-07 08:42:25,236 INFO [sales-orchestrator] Periodic model warmup completed elapsed_ms=15414.7
2026-05-07 08:43:40,688 INFO [sales-orchestrator] Periodic model warmup completed elapsed_ms=15448.9
2026-05-07 08:44:46,976 INFO [sales-orchestrator] Periodic model warmup completed elapsed_ms=6284.8
2026-05-07 08:46:02,338 INFO [sales-orchestrator] Periodic model warmup completed elapsed_ms=15356.3
2026-05-07 08:47:08,609 INFO [sales-orchestrator] Periodic model warmup completed elapsed_ms=6266.1
2026-05-07 08:48:23,993 INFO [sales-orchestrator] Periodic model warmup completed elapsed_ms=15378.8
2026-05-07 08:49:30,504 INFO [sales-orchestrator] Periodic model warmup completed elapsed_ms=6505.9
2026-05-07 08:50:46,116 INFO [sales-orchestrator] Periodic model warmup completed elapsed_ms=15605.4
2026-05-07 08:52:01,528 INFO [sales-orchestrator] Periodic model warmup completed elapsed_ms=15406.7
2026-05-07 08:53:07,790 INFO [sales-orchestrator] Periodic model warmup completed elapsed_ms=6258.5
2026-05-07 08:54:23,221 INFO [sales-orchestrator] Periodic model warmup completed elapsed_ms=15425.3
2026-05-07 08:55:29,555 INFO [sales-orchestrator] Periodic model warmup completed elapsed_ms=6329.3
2026-05-07 08:56:45,070 INFO [sales-orchestrator] Periodic model warmup completed elapsed_ms=15506.3
2026-05-07 08:57:51,537 INFO [sales-orchestrator] Periodic model warmup completed elapsed_ms=6461.3
2026-05-07 08:59:06,978 INFO [sales-orchestrator] Periodic model warmup completed elapsed_ms=15434.7
2026-05-07 09:00:22,376 INFO [sales-orchestrator] Periodic model warmup completed elapsed_ms=15393.1
2026-05-07 09:01:28,651 INFO [sales-orchestrator] Periodic model warmup completed elapsed_ms=6267.6
2026-05-07 09:02:44,143 INFO [sales-orchestrator] Periodic model warmup completed elapsed_ms=15486.2
2026-05-07 09:03:50,511 INFO [sales-orchestrator] Periodic model warmup completed elapsed_ms=6362.3
2026-05-07 09:05:05,938 INFO [sales-orchestrator] Periodic model warmup completed elapsed_ms=15421.5
2026-05-07 09:06:12,402 INFO [sales-orchestrator] Periodic model warmup completed elapsed_ms=6458.2
2026-05-07 09:07:27,898 INFO [sales-orchestrator] Periodic model warmup completed elapsed_ms=15490.0
2026-05-07 09:08:43,296 INFO [sales-orchestrator] Periodic model warmup completed elapsed_ms=15392.4
2026-05-07 09:09:49,575 INFO [sales-orchestrator] Periodic model warmup completed elapsed_ms=6273.6
2026-05-07 09:11:04,895 INFO [sales-orchestrator] Periodic model warmup completed elapsed_ms=15314.3
2026-05-07 09:12:11,232 INFO [sales-orchestrator] Periodic model warmup completed elapsed_ms=6276.5
2026-05-07 09:13:26,538 INFO [sales-orchestrator] Periodic model warmup completed elapsed_ms=15300.3
2026-05-07 09:14:33,096 INFO [sales-orchestrator] Periodic model warmup completed elapsed_ms=6552.8
2026-05-07 09:15:48,699 INFO [sales-orchestrator] Periodic model warmup completed elapsed_ms=15597.4
2026-05-07 09:17:04,074 INFO [sales-orchestrator] Periodic model warmup completed elapsed_ms=15371.3
2026-05-07 09:18:10,340 INFO [sales-orchestrator] Periodic model warmup completed elapsed_ms=6263.4
2026-05-07 09:19:25,846 INFO [sales-orchestrator] Periodic model warmup completed elapsed_ms=15499.0
2026-05-07 09:20:32,310 INFO [sales-orchestrator] Periodic model warmup completed elapsed_ms=6460.5
2026-05-07 09:21:47,762 INFO [sales-orchestrator] Periodic model warmup completed elapsed_ms=15448.5
2026-05-07 09:22:54,465 INFO [sales-orchestrator] Periodic model warmup completed elapsed_ms=6699.4
2026-05-07 09:24:09,875 INFO [sales-orchestrator] Periodic model warmup completed elapsed_ms=15407.6
2026-05-07 09:25:25,257 INFO [sales-orchestrator] Periodic model warmup completed elapsed_ms=15378.1
2026-05-07 09:26:31,550 INFO [sales-orchestrator] Periodic model warmup completed elapsed_ms=6287.8
2026-05-07 09:27:46,787 INFO [sales-orchestrator] Periodic model warmup completed elapsed_ms=15232.6
2026-05-07 09:28:53,052 INFO [sales-orchestrator] Periodic model warmup completed elapsed_ms=6262.3
2026-05-07 09:30:08,400 INFO [sales-orchestrator] Periodic model warmup completed elapsed_ms=15342.0
2026-05-07 09:31:14,835 INFO [sales-orchestrator] Periodic model warmup completed elapsed_ms=6430.2
2026-05-07 09:32:30,200 INFO [sales-orchestrator] Periodic model warmup completed elapsed_ms=15358.6
2026-05-07 09:33:45,485 INFO [sales-orchestrator] Periodic model warmup completed elapsed_ms=15279.7
2026-05-07 09:34:51,721 INFO [sales-orchestrator] Periodic model warmup completed elapsed_ms=6230.6
2026-05-07 09:36:07,281 INFO [sales-orchestrator] Periodic model warmup completed elapsed_ms=15554.4
2026-05-07 09:37:13,803 INFO [sales-orchestrator] Periodic model warmup completed elapsed_ms=6516.1
2026-05-07 09:38:29,184 INFO [sales-orchestrator] Periodic model warmup completed elapsed_ms=15375.3
2026-05-07 09:39:35,582 INFO [sales-orchestrator] Periodic model warmup completed elapsed_ms=6393.9
2026-05-07 09:40:50,916 INFO [sales-orchestrator] Periodic model warmup completed elapsed_ms=15328.4
2026-05-07 09:42:06,416 INFO [sales-orchestrator] Periodic model warmup completed elapsed_ms=15493.9
2026-05-07 09:43:12,903 INFO [sales-orchestrator] Periodic model warmup completed elapsed_ms=6481.3
2026-05-07 09:44:28,242 INFO [sales-orchestrator] Periodic model warmup completed elapsed_ms=15335.9
2026-05-07 09:45:34,727 INFO [sales-orchestrator] Periodic model warmup completed elapsed_ms=6482.3
2026-05-07 09:46:50,013 INFO [sales-orchestrator] Periodic model warmup completed elapsed_ms=15284.9
2026-05-07 09:47:56,431 INFO [sales-orchestrator] Periodic model warmup completed elapsed_ms=6414.8
2026-05-07 09:49:12,082 INFO [sales-orchestrator] Periodic model warmup completed elapsed_ms=15648.1
2026-05-07 09:50:27,460 INFO [sales-orchestrator] Periodic model warmup completed elapsed_ms=15373.5
2026-05-07 09:51:33,710 INFO [sales-orchestrator] Periodic model warmup completed elapsed_ms=6246.6
2026-05-07 09:52:49,064 INFO [sales-orchestrator] Periodic model warmup completed elapsed_ms=15350.8
2026-05-07 09:53:55,320 INFO [sales-orchestrator] Periodic model warmup completed elapsed_ms=6253.6
2026-05-07 09:55:10,727 INFO [sales-orchestrator] Periodic model warmup completed elapsed_ms=15406.5
2026-05-07 09:56:17,145 INFO [sales-orchestrator] Periodic model warmup completed elapsed_ms=6415.3
2026-05-07 09:57:32,505 INFO [sales-orchestrator] Periodic model warmup completed elapsed_ms=15356.6
2026-05-07 09:58:48,111 INFO [sales-orchestrator] Periodic model warmup completed elapsed_ms=15602.6
2026-05-07 09:59:54,566 INFO [sales-orchestrator] Periodic model warmup completed elapsed_ms=6454.0
2026-05-07 10:01:10,049 INFO [sales-orchestrator] Periodic model warmup completed elapsed_ms=15479.8
2026-05-07 10:02:16,328 INFO [sales-orchestrator] Periodic model warmup completed elapsed_ms=6276.6
2026-05-07 10:03:31,884 INFO [sales-orchestrator] Periodic model warmup completed elapsed_ms=15553.0
2026-05-07 10:04:38,486 INFO [sales-orchestrator] Periodic model warmup completed elapsed_ms=6598.7
2026-05-07 10:05:53,927 INFO [sales-orchestrator] Periodic model warmup completed elapsed_ms=15438.5
2026-05-07 10:07:09,298 INFO [sales-orchestrator] Periodic model warmup completed elapsed_ms=15369.4
2026-05-07 10:08:15,583 INFO [sales-orchestrator] Periodic model warmup completed elapsed_ms=6282.6
2026-05-07 10:09:30,944 INFO [sales-orchestrator] Periodic model warmup completed elapsed_ms=15357.8
2026-05-07 10:10:37,212 INFO [sales-orchestrator] Periodic model warmup completed elapsed_ms=6265.1
2026-05-07 10:11:52,602 INFO [sales-orchestrator] Periodic model warmup completed elapsed_ms=15387.2
2026-05-07 10:12:59,019 INFO [sales-orchestrator] Periodic model warmup completed elapsed_ms=6413.1
2026-05-07 10:14:14,324 INFO [sales-orchestrator] Periodic model warmup completed elapsed_ms=15302.0
2026-05-07 10:15:29,682 INFO [sales-orchestrator] Periodic model warmup completed elapsed_ms=15353.7
2026-05-07 10:16:35,947 INFO [sales-orchestrator] Periodic model warmup completed elapsed_ms=6261.5
2026-05-07 10:17:51,228 INFO [sales-orchestrator] Periodic model warmup completed elapsed_ms=15277.7
2026-05-07 10:18:57,506 INFO [sales-orchestrator] Periodic model warmup completed elapsed_ms=6274.7
2026-05-07 10:20:32,508 WARNING [sales-orchestrator] Periodic model warmup failed: timed out
2026-05-07 10:22:07,512 WARNING [sales-orchestrator] Periodic model warmup failed: timed out
2026-05-07 10:23:26,687 INFO [sales-orchestrator] Periodic model warmup completed elapsed_ms=19169.4
2026-05-07 10:24:42,122 INFO [sales-orchestrator] Periodic model warmup completed elapsed_ms=15434.3
2026-05-07 10:25:57,536 INFO [sales-orchestrator] Periodic model warmup completed elapsed_ms=15411.8
2026-05-07 10:27:03,839 INFO [sales-orchestrator] Periodic model warmup completed elapsed_ms=6301.7
2026-05-07 10:28:19,418 INFO [sales-orchestrator] Periodic model warmup completed elapsed_ms=15578.3
2026-05-07 10:29:25,926 INFO [sales-orchestrator] Periodic model warmup completed elapsed_ms=6507.9
2026-05-07 10:30:41,496 INFO [sales-orchestrator] Periodic model warmup completed elapsed_ms=15567.1
2026-05-07 10:31:48,145 INFO [sales-orchestrator] Periodic model warmup completed elapsed_ms=6646.5
2026-05-07 10:33:03,614 INFO [sales-orchestrator] Periodic model warmup completed elapsed_ms=15466.3
2026-05-07 10:34:19,117 INFO [sales-orchestrator] Periodic model warmup completed elapsed_ms=15499.5
2026-05-07 10:35:25,440 INFO [sales-orchestrator] Periodic model warmup completed elapsed_ms=6321.0
2026-05-07 10:36:40,847 INFO [sales-orchestrator] Periodic model warmup completed elapsed_ms=15403.5
2026-05-07 10:37:47,193 INFO [sales-orchestrator] Periodic model warmup completed elapsed_ms=6343.3
2026-05-07 10:39:02,621 INFO [sales-orchestrator] Periodic model warmup completed elapsed_ms=15427.1
2026-05-07 10:40:09,214 INFO [sales-orchestrator] Periodic model warmup completed elapsed_ms=6590.2
2026-05-07 10:41:24,673 INFO [sales-orchestrator] Periodic model warmup completed elapsed_ms=15455.3
2026-05-07 10:42:40,156 INFO [sales-orchestrator] Periodic model warmup completed elapsed_ms=15480.6
2026-05-07 10:43:46,499 INFO [sales-orchestrator] Periodic model warmup completed elapsed_ms=6340.4
2026-05-07 10:45:04,200 INFO [sales-orchestrator] Periodic model warmup completed elapsed_ms=17697.4
2026-05-07 10:46:10,641 INFO [sales-orchestrator] Periodic model warmup completed elapsed_ms=6437.5
2026-05-07 10:47:26,288 INFO [sales-orchestrator] Periodic model warmup completed elapsed_ms=15644.1
2026-05-07 10:48:43,129 INFO [sales-orchestrator] Periodic model warmup completed elapsed_ms=16840.9
2026-05-07 10:49:49,649 INFO [sales-orchestrator] Periodic model warmup completed elapsed_ms=6516.6
2026-05-07 10:51:05,273 INFO [sales-orchestrator] Periodic model warmup completed elapsed_ms=15619.9
2026-05-07 10:52:11,671 INFO [sales-orchestrator] Periodic model warmup completed elapsed_ms=6394.4
2026-05-07 10:53:12,676 WARNING [sales-orchestrator] Periodic model warmup failed: <urlopen error [WinError 10061] No connection could be made because the target machine actively refused it>
